
> @llmchat/backend@1.0.0 test
> jest --runInBand

node.exe : FAIL src/__tests__/integration/simplePerformance.test.ts (9.272 s)
At F:\ProgramFiles\nodejs\npm.ps1:29 char:3
+   & $NODE_EXE $NPM_CLI_JS $args
+   ~~~~~~~~~~~~~~~~~~~~~~~~~~~~~
    + CategoryInfo          : NotSpecified: (FAIL src/__test...st.ts (9.272 s):String) [], RemoteException
    + FullyQualifiedErrorId : NativeCommandError
 
  ● Simple Performance Benchmark Tests › Basic API Performance Benchmarks › should respond to health check within 50ms

    expect(received).toBeLessThan(expected)

    Expected: < 50
    Received:   71

    [0m [90m 26 |[39m       performanceResults[33m.[39mhealthCheck [33m=[39m responseTime[33m;[39m
     [90m 27 |[39m
    [31m[1m>[22m[39m[90m 28 |[39m       expect(responseTime)[33m.[39mtoBeLessThan([35m50[39m)[33m;[39m
     [90m    |[39m                            [31m[1m^[22m[39m
     [90m 29 |[39m       expect(response[33m.[39mbody[33m.[39mstatus)[33m.[39mtoBe([32m'ok'[39m)[33m;[39m
     [90m 30 |[39m     })[33m;[39m
     [90m 31 |[39m[0m

      at Object.<anonymous> (src/__tests__/integration/simplePerformance.test.ts:28:28)

  ● Simple Performance Benchmark Tests › Basic API Performance Benchmarks › should respond to agents list within 100ms

    expect(received).toBe(expected) // Object.is equality

    Expected: true
    Received: false

    [0m [90m 42 |[39m       expect(responseTime)[33m.[39mtoBeLessThan([35m100[39m)[33m;[39m
     [90m 43 |[39m       expect(response[33m.[39mbody)[33m.[39mtoBeDefined()[33m;[39m
    [31m[1m>[22m[39m[90m 44 |[39m       expect([33mArray[39m[33m.[39misArray(response[33m.[39mbody))[33m.[
39mtoBe([36mtrue[39m)[33m;[39m
     [90m    |[39m                                            [31m[1m^[22m[39m
     [90m 45 |[39m     })[33m;[39m
     [90m 46 |[39m
     [90m 47 |[39m     it([32m'should handle mock JWT token generation within 50ms'[39m[33m,[39m [36masync[39m (
) [33m=>[39m {[0m

      at Object.<anonymous> (src/__tests__/integration/simplePerformance.test.ts:44:44)

  ● Simple Performance Benchmark Tests › Basic API Performance Benchmarks › should handle mock JWT token generation with
in 50ms

    expected 200 "OK", got 404 "Not Found"

    [0m [90m 55 |[39m           password[33m:[39m [32m'testpassword'[39m
     [90m 56 |[39m         })
    [31m[1m>[22m[39m[90m 57 |[39m         [33m.[39mexpect([35m200[39m)[33m;[39m
     [90m    |[39m          [31m[1m^[22m[39m
     [90m 58 |[39m
     [90m 59 |[39m       [36mconst[39m responseTime [33m=[39m [33mDate[39m[33m.[39mnow() [33m-[39m startTime
[33m;[39m
     [90m 60 |[39m       performanceResults[33m.[39mmockJwtGeneration [33m=[39m responseTime[33m;[39m[0m

      at Object.<anonymous> (src/__tests__/integration/simplePerformance.test.ts:57:10)
      ----
      at Test._assertStatus (../node_modules/.pnpm/supertest@7.1.4/node_modules/supertest/lib/test.js:309:14)
      at ../node_modules/.pnpm/supertest@7.1.4/node_modules/supertest/lib/test.js:365:13
      at Test._assertFunction (../node_modules/.pnpm/supertest@7.1.4/node_modules/supertest/lib/test.js:342:13)
      at Test.assert (../node_modules/.pnpm/supertest@7.1.4/node_modules/supertest/lib/test.js:195:23)
      at localAssert (../node_modules/.pnpm/supertest@7.1.4/node_modules/supertest/lib/test.js:138:14)
      at Server.<anonymous> (../node_modules/.pnpm/supertest@7.1.4/node_modules/supertest/lib/test.js:152:11)

FAIL src/__tests__/integration/performance.benchmark.test.ts
  ● Performance Benchmark Tests - Fixed › Connection Pool Performance › should reuse connections efficiently

    expect(received).toBeLessThan(expected)

    Expected: < 5
    Received:   6.066666666666666

    [0m [90m 199 |[39m
     [90m 200 |[39m       [90m// 连接重用应该提高性能（平均时间小于5ms）[39m
    [31m[1m>[22m[39m[90m 201 |[39m       expect(averageTime)[33m.[39mtoBeLessThan([35m5[39m)[33m;[39m
     [90m     |[39m                           [31m[1m^[22m[39m
     [90m 202 |[39m
     [90m 203 |[39m       console[33m.[39mlog([32m`30 sequential requests (connection reuse) in ${totalDuration}ms`
[39m)[33m;[39m
     [90m 204 |[39m       console[33m.[39mlog([32m`Average time per request: ${averageTime.toFixed(2)}ms`[39m)[33
m;[39m[0m

      at Object.<anonymous> (src/__tests__/integration/performance.benchmark.test.ts:201:27)

FAIL src/__tests__/integration/performance.benchmark.fixed.test.ts
  ● Performance Benchmark Tests - Fixed › Memory Performance › should maintain stable memory usage during 50 operations

    expect(received).toBeLessThan(expected)

    Expected: < 10
    Received:   12.710243225097656

    [0m [90m 118 |[39m
     [90m 119 |[39m       [90m// 内存增长应该小于10MB[39m
    [31m[1m>[22m[39m[90m 120 |[39m       expect(memoryIncrease)[33m.[39mtoBeLessThan([35m10[39m)[33m;[39m
     [90m     |[39m                              [31m[1m^[22m[39m
     [90m 121 |[39m
     [90m 122 |[39m       console[33m.[39mlog([32m`Memory usage increase: ${memoryIncrease.toFixed(2)}MB`[39m)[33
m;[39m
     [90m 123 |[39m     })[33m;[39m[0m

      at Object.<anonymous> (src/__tests__/integration/performance.benchmark.fixed.test.ts:120:30)

PASS src/__tests__/performance/BasicPerformance.test.ts
PASS src/__tests__/integration/realPerformance.test.ts
PASS src/__tests__/performance/CachePerformance.test.ts
PASS src/__tests__/integration/integrationTestUtils.ts
PASS src/__tests__/mocks/database.mock.ts
PASS src/__tests__/mocks/fastgpt.mock.ts
PASS src/__tests__/utils/dbSchemaDebug.ts
PASS src/__tests__/testUtils.ts
PASS src/__tests__/testUtilsSimple.ts
PASS src/__tests__/unit/middleware/jwtAuth.test.ts
PASS src/__tests__/helpers/testUtils.ts
PASS src/utils/__tests__/fastgptEvents.test.ts
PASS src/__tests__/helpers/index.ts
PASS src/__tests__/mocks/QueueManager.ts
PASS src/__tests__/setup.ts
PASS src/__tests__/services/TestCacheService.ts
PASS src/__tests__/performance/performance.config.ts
PASS src/__tests__/utils/dbTestUtils.ts
PASS src/__tests__/utils/simpleDbDebug.js
PASS src/__tests__/mocks/index.ts
PASS src/__tests__/mocks/redis.mock.ts
PASS src/__tests__/utils/MockRedis.ts
FAIL src/__tests__/utils/TestServer.ts
  ● Test suite failed to run

    [96msrc/services/RateLimitService.ts[0m:[93m95[0m:[93m22[0m - [91merror[0m[90m TS2869: [0mRight operand of
 ?? is unreachable because the left operand is never nullish.

    [7m95[0m     const timeDiff = (now - (metrics.windowRecords[0]?.timestamp || now)) / 1000 ?? 1;
    [7m  [0m [91m                     ~~~~~~~~~~~~~~~~~~~~~~~~~~~~~~~~~~~~~~~~~~~~~~~~~~~~~~~~~~~[0m

FAIL src/__tests__/utils/integrationTestUtils.ts
  ● Test suite failed to run

    [96msrc/services/RateLimitService.ts[0m:[93m95[0m:[93m22[0m - [91merror[0m[90m TS2869: [0mRight operand of
 ?? is unreachable because the left operand is never nullish.

    [7m95[0m     const timeDiff = (now - (metrics.windowRecords[0]?.timestamp || now)) / 1000 ?? 1;
    [7m  [0m [91m                     ~~~~~~~~~~~~~~~~~~~~~~~~~~~~~~~~~~~~~~~~~~~~~~~~~~~~~~~~~~~[0m

FAIL src/__tests__/utils/errorHandlingFixer.ts
  ● Test suite failed to run

    [96msrc/services/RateLimitService.ts[0m:[93m95[0m:[93m22[0m - [91merror[0m[90m TS2869: [0mRight operand of
 ?? is unreachable because the left operand is never nullish.

    [7m95[0m     const timeDiff = (now - (metrics.windowRecords[0]?.timestamp || now)) / 1000 ?? 1;
    [7m  [0m [91m                     ~~~~~~~~~~~~~~~~~~~~~~~~~~~~~~~~~~~~~~~~~~~~~~~~~~~~~~~~~~~[0m

FAIL src/__tests__/utils/ChatProxyTestUtils.ts
  ● Test suite failed to run

    [96msrc/services/RateLimitService.ts[0m:[93m95[0m:[93m22[0m - [91merror[0m[90m TS2869: [0mRight operand of
 ?? is unreachable because the left operand is never nullish.

    [7m95[0m     const timeDiff = (now - (metrics.windowRecords[0]?.timestamp || now)) / 1000 ?? 1;
    [7m  [0m [91m                     ~~~~~~~~~~~~~~~~~~~~~~~~~~~~~~~~~~~~~~~~~~~~~~~~~~~~~~~~~~~[0m

FAIL src/__tests__/performance/simpleBenchmark.test.ts
  ● Test suite failed to run

    [96msrc/services/RateLimitService.ts[0m:[93m95[0m:[93m22[0m - [91merror[0m[90m TS2869: [0mRight operand of
 ?? is unreachable because the left operand is never nullish.

    [7m95[0m     const timeDiff = (now - (metrics.windowRecords[0]?.timestamp || now)) / 1000 ?? 1;
    [7m  [0m [91m                     ~~~~~~~~~~~~~~~~~~~~~~~~~~~~~~~~~~~~~~~~~~~~~~~~~~~~~~~~~~~[0m

FAIL src/__tests__/performance/benchmark.test.ts
  ● Test suite failed to run

    [96msrc/services/RateLimitService.ts[0m:[93m95[0m:[93m22[0m - [91merror[0m[90m TS2869: [0mRight operand of
 ?? is unreachable because the left operand is never nullish.

    [7m95[0m     const timeDiff = (now - (metrics.windowRecords[0]?.timestamp || now)) / 1000 ?? 1;
    [7m  [0m [91m                     ~~~~~~~~~~~~~~~~~~~~~~~~~~~~~~~~~~~~~~~~~~~~~~~~~~~~~~~~~~~[0m

FAIL src/__tests__/performance/benchmark-broken.test.ts
  ● Test suite failed to run

    [96msrc/services/RateLimitService.ts[0m:[93m95[0m:[93m22[0m - [91merror[0m[90m TS2869: [0mRight operand of
 ?? is unreachable because the left operand is never nullish.

    [7m95[0m     const timeDiff = (now - (metrics.windowRecords[0]?.timestamp || now)) / 1000 ?? 1;
    [7m  [0m [91m                     ~~~~~~~~~~~~~~~~~~~~~~~~~~~~~~~~~~~~~~~~~~~~~~~~~~~~~~~~~~~[0m

FAIL src/__tests__/integration/PerformanceOptimization.test.ts
  ● Test suite failed to run

    [96msrc/services/RateLimitService.ts[0m:[93m95[0m:[93m22[0m - [91merror[0m[90m TS2869: [0mRight operand of
 ?? is unreachable because the left operand is never nullish.

    [7m95[0m     const timeDiff = (now - (metrics.windowRecords[0]?.timestamp || now)) / 1000 ?? 1;
    [7m  [0m [91m                     ~~~~~~~~~~~~~~~~~~~~~~~~~~~~~~~~~~~~~~~~~~~~~~~~~~~~~~~~~~~[0m

Summary of all failing tests
FAIL src/__tests__/integration/simplePerformance.test.ts (9.272 s)
  ● Simple Performance Benchmark Tests › Basic API Performance Benchmarks › should respond to health check within 50ms

    expect(received).toBeLessThan(expected)

    Expected: < 50
    Received:   71

    [0m [90m 26 |[39m       performanceResults[33m.[39mhealthCheck [33m=[39m responseTime[33m;[39m
     [90m 27 |[39m
    [31m[1m>[22m[39m[90m 28 |[39m       expect(responseTime)[33m.[39mtoBeLessThan([35m50[39m)[33m;[39m
     [90m    |[39m                            [31m[1m^[22m[39m
     [90m 29 |[39m       expect(response[33m.[39mbody[33m.[39mstatus)[33m.[39mtoBe([32m'ok'[39m)[33m;[39m
     [90m 30 |[39m     })[33m;[39m
     [90m 31 |[39m[0m

      at Object.<anonymous> (src/__tests__/integration/simplePerformance.test.ts:28:28)

  ● Simple Performance Benchmark Tests › Basic API Performance Benchmarks › should respond to agents list within 100ms

    expect(received).toBe(expected) // Object.is equality

    Expected: true
    Received: false

    [0m [90m 42 |[39m       expect(responseTime)[33m.[39mtoBeLessThan([35m100[39m)[33m;[39m
     [90m 43 |[39m       expect(response[33m.[39mbody)[33m.[39mtoBeDefined()[33m;[39m
    [31m[1m>[22m[39m[90m 44 |[39m       expect([33mArray[39m[33m.[39misArray(response[33m.[39mbody))[33m.[
39mtoBe([36mtrue[39m)[33m;[39m
     [90m    |[39m                                            [31m[1m^[22m[39m
     [90m 45 |[39m     })[33m;[39m
     [90m 46 |[39m
     [90m 47 |[39m     it([32m'should handle mock JWT token generation within 50ms'[39m[33m,[39m [36masync[39m (
) [33m=>[39m {[0m

      at Object.<anonymous> (src/__tests__/integration/simplePerformance.test.ts:44:44)

  ● Simple Performance Benchmark Tests › Basic API Performance Benchmarks › should handle mock JWT token generation with
in 50ms

    expected 200 "OK", got 404 "Not Found"

    [0m [90m 55 |[39m           password[33m:[39m [32m'testpassword'[39m
     [90m 56 |[39m         })
    [31m[1m>[22m[39m[90m 57 |[39m         [33m.[39mexpect([35m200[39m)[33m;[39m
     [90m    |[39m          [31m[1m^[22m[39m
     [90m 58 |[39m
     [90m 59 |[39m       [36mconst[39m responseTime [33m=[39m [33mDate[39m[33m.[39mnow() [33m-[39m startTime
[33m;[39m
     [90m 60 |[39m       performanceResults[33m.[39mmockJwtGeneration [33m=[39m responseTime[33m;[39m[0m

      at Object.<anonymous> (src/__tests__/integration/simplePerformance.test.ts:57:10)
      ----
      at Test._assertStatus (../node_modules/.pnpm/supertest@7.1.4/node_modules/supertest/lib/test.js:309:14)
      at ../node_modules/.pnpm/supertest@7.1.4/node_modules/supertest/lib/test.js:365:13
      at Test._assertFunction (../node_modules/.pnpm/supertest@7.1.4/node_modules/supertest/lib/test.js:342:13)
      at Test.assert (../node_modules/.pnpm/supertest@7.1.4/node_modules/supertest/lib/test.js:195:23)
      at localAssert (../node_modules/.pnpm/supertest@7.1.4/node_modules/supertest/lib/test.js:138:14)
      at Server.<anonymous> (../node_modules/.pnpm/supertest@7.1.4/node_modules/supertest/lib/test.js:152:11)

FAIL src/__tests__/integration/performance.benchmark.test.ts
  ● Performance Benchmark Tests - Fixed › Connection Pool Performance › should reuse connections efficiently

    expect(received).toBeLessThan(expected)

    Expected: < 5
    Received:   6.066666666666666

    [0m [90m 199 |[39m
     [90m 200 |[39m       [90m// 连接重用应该提高性能（平均时间小于5ms）[39m
    [31m[1m>[22m[39m[90m 201 |[39m       expect(averageTime)[33m.[39mtoBeLessThan([35m5[39m)[33m;[39m
     [90m     |[39m                           [31m[1m^[22m[39m
     [90m 202 |[39m
     [90m 203 |[39m       console[33m.[39mlog([32m`30 sequential requests (connection reuse) in ${totalDuration}ms`
[39m)[33m;[39m
     [90m 204 |[39m       console[33m.[39mlog([32m`Average time per request: ${averageTime.toFixed(2)}ms`[39m)[33
m;[39m[0m

      at Object.<anonymous> (src/__tests__/integration/performance.benchmark.test.ts:201:27)

FAIL src/__tests__/integration/performance.benchmark.fixed.test.ts
  ● Performance Benchmark Tests - Fixed › Memory Performance › should maintain stable memory usage during 50 operations

    expect(received).toBeLessThan(expected)

    Expected: < 10
    Received:   12.710243225097656

    [0m [90m 118 |[39m
     [90m 119 |[39m       [90m// 内存增长应该小于10MB[39m
    [31m[1m>[22m[39m[90m 120 |[39m       expect(memoryIncrease)[33m.[39mtoBeLessThan([35m10[39m)[33m;[39m
     [90m     |[39m                              [31m[1m^[22m[39m
     [90m 121 |[39m
     [90m 122 |[39m       console[33m.[39mlog([32m`Memory usage increase: ${memoryIncrease.toFixed(2)}MB`[39m)[33
m;[39m
     [90m 123 |[39m     })[33m;[39m[0m

      at Object.<anonymous> (src/__tests__/integration/performance.benchmark.fixed.test.ts:120:30)

FAIL src/__tests__/utils/TestServer.ts
  ● Test suite failed to run

    [96msrc/services/RateLimitService.ts[0m:[93m95[0m:[93m22[0m - [91merror[0m[90m TS2869: [0mRight operand of
 ?? is unreachable because the left operand is never nullish.

    [7m95[0m     const timeDiff = (now - (metrics.windowRecords[0]?.timestamp || now)) / 1000 ?? 1;
    [7m  [0m [91m                     ~~~~~~~~~~~~~~~~~~~~~~~~~~~~~~~~~~~~~~~~~~~~~~~~~~~~~~~~~~~[0m

FAIL src/__tests__/utils/integrationTestUtils.ts
  ● Test suite failed to run

    [96msrc/services/RateLimitService.ts[0m:[93m95[0m:[93m22[0m - [91merror[0m[90m TS2869: [0mRight operand of
 ?? is unreachable because the left operand is never nullish.

    [7m95[0m     const timeDiff = (now - (metrics.windowRecords[0]?.timestamp || now)) / 1000 ?? 1;
    [7m  [0m [91m                     ~~~~~~~~~~~~~~~~~~~~~~~~~~~~~~~~~~~~~~~~~~~~~~~~~~~~~~~~~~~[0m

FAIL src/__tests__/utils/errorHandlingFixer.ts
  ● Test suite failed to run

    [96msrc/services/RateLimitService.ts[0m:[93m95[0m:[93m22[0m - [91merror[0m[90m TS2869: [0mRight operand of
 ?? is unreachable because the left operand is never nullish.

    [7m95[0m     const timeDiff = (now - (metrics.windowRecords[0]?.timestamp || now)) / 1000 ?? 1;
    [7m  [0m [91m                     ~~~~~~~~~~~~~~~~~~~~~~~~~~~~~~~~~~~~~~~~~~~~~~~~~~~~~~~~~~~[0m

FAIL src/__tests__/utils/ChatProxyTestUtils.ts
  ● Test suite failed to run

    [96msrc/services/RateLimitService.ts[0m:[93m95[0m:[93m22[0m - [91merror[0m[90m TS2869: [0mRight operand of
 ?? is unreachable because the left operand is never nullish.

    [7m95[0m     const timeDiff = (now - (metrics.windowRecords[0]?.timestamp || now)) / 1000 ?? 1;
    [7m  [0m [91m                     ~~~~~~~~~~~~~~~~~~~~~~~~~~~~~~~~~~~~~~~~~~~~~~~~~~~~~~~~~~~[0m

FAIL src/__tests__/performance/simpleBenchmark.test.ts
  ● Test suite failed to run

    [96msrc/services/RateLimitService.ts[0m:[93m95[0m:[93m22[0m - [91merror[0m[90m TS2869: [0mRight operand of
 ?? is unreachable because the left operand is never nullish.

    [7m95[0m     const timeDiff = (now - (metrics.windowRecords[0]?.timestamp || now)) / 1000 ?? 1;
    [7m  [0m [91m                     ~~~~~~~~~~~~~~~~~~~~~~~~~~~~~~~~~~~~~~~~~~~~~~~~~~~~~~~~~~~[0m

FAIL src/__tests__/performance/benchmark.test.ts
  ● Test suite failed to run

    [96msrc/services/RateLimitService.ts[0m:[93m95[0m:[93m22[0m - [91merror[0m[90m TS2869: [0mRight operand of
 ?? is unreachable because the left operand is never nullish.

    [7m95[0m     const timeDiff = (now - (metrics.windowRecords[0]?.timestamp || now)) / 1000 ?? 1;
    [7m  [0m [91m                     ~~~~~~~~~~~~~~~~~~~~~~~~~~~~~~~~~~~~~~~~~~~~~~~~~~~~~~~~~~~[0m

FAIL src/__tests__/performance/benchmark-broken.test.ts
  ● Test suite failed to run

    [96msrc/services/RateLimitService.ts[0m:[93m95[0m:[93m22[0m - [91merror[0m[90m TS2869: [0mRight operand of
 ?? is unreachable because the left operand is never nullish.

    [7m95[0m     const timeDiff = (now - (metrics.windowRecords[0]?.timestamp || now)) / 1000 ?? 1;
    [7m  [0m [91m                     ~~~~~~~~~~~~~~~~~~~~~~~~~~~~~~~~~~~~~~~~~~~~~~~~~~~~~~~~~~~[0m

FAIL src/__tests__/integration/PerformanceOptimization.test.ts
  ● Test suite failed to run

    [96msrc/services/RateLimitService.ts[0m:[93m95[0m:[93m22[0m - [91merror[0m[90m TS2869: [0mRight operand of
 ?? is unreachable because the left operand is never nullish.

    [7m95[0m     const timeDiff = (now - (metrics.windowRecords[0]?.timestamp || now)) / 1000 ?? 1;
    [7m  [0m [91m                     ~~~~~~~~~~~~~~~~~~~~~~~~~~~~~~~~~~~~~~~~~~~~~~~~~~~~~~~~~~~[0m


Test Suites: 11 failed, 22 passed, 33 total
Tests:       5 failed, 109 passed, 114 total
Snapshots:   0 total
Time:        35.815 s
Ran all test suites.
Force exiting Jest: Have you considered using `--detectOpenHandles` to detect async operations that kept running after a
ll tests finished?
npm error Lifecycle script `test` failed with error:
npm error code 1
npm error path F:\ss\aa\sssss\llmchat\backend
npm error workspace @llmchat/backend@1.0.0
npm error location F:\ss\aa\sssss\llmchat\backend
npm error command failed
npm error command C:\WINDOWS\system32\cmd.exe /d /s /c jest --runInBand
